2026-05-05 00:19:45.439 [http-nio-5000-exec-8] INFO  com.project.demo.aspect.LogAspect - [user] [update] update: {"password":"asd123","user_group":"管理员","user_id":1,"user_name":"admin","nick_name":"admin","avatar":"/api/upload/O1CN01A1wr3R26fA5Ne05Sj_!!2219275407688.png_460x460q90.jpg_.webp","state":1,"email":""}
2026-05-05 00:19:45.474 [http-nio-5000-exec-2] INFO  com.project.demo.aspect.LogAspect - [registered_user] [update] update: {"examine_state":"已通过","user_id":1,"user_name":"admin","user_gender":0,"registered_user_id":4,"is_delete":0}
2026-05-05 00:55:36.835 [http-nio-5000-exec-6] INFO  com.project.demo.aspect.LogAspect - [commodity_information] [update] update: {"views":3}
2026-05-05 00:55:36.866 [http-nio-5000-exec-10] INFO  com.project.demo.aspect.LogAspect - [views] [insert] insert: {"source_field":"commodity_information_id","user_id":1,"source_id":23,"source_table":"commodity_information"}
2026-05-05 00:55:52.193 [http-nio-5000-exec-4] INFO  com.project.demo.aspect.LogAspect - [commodity_information] [update] update: {"views":32}
2026-05-05 00:55:52.222 [http-nio-5000-exec-9] INFO  com.project.demo.aspect.LogAspect - [views] [insert] insert: {"source_field":"commodity_information_id","user_id":1,"source_id":21,"source_table":"commodity_information"}
2026-05-05 00:55:53.631 [http-nio-5000-exec-8] INFO  com.project.demo.aspect.LogAspect - [praise] [insert] insert: {"source_field":"commodity_information_id","user_id":1,"source_id":21,"source_table":"commodity_information"}
2026-05-05 00:55:53.675 [http-nio-5000-exec-4] INFO  com.project.demo.aspect.LogAspect - [commodity_information] [update] update: {"praise_len":2}
2026-05-05 00:55:54.680 [http-nio-5000-exec-7] INFO  com.project.demo.aspect.LogAspect - [praise] [delete] delete: {"source_field":"commodity_information_id","user_id":"1","source_id":"21","source_table":"commodity_information"}
2026-05-05 00:55:54.691 [http-nio-5000-exec-2] INFO  com.project.demo.aspect.LogAspect - [commodity_information] [update] update: {"praise_len":1}
2026-05-05 00:55:55.317 [http-nio-5000-exec-9] INFO  com.project.demo.aspect.LogAspect - [praise] [insert] insert: {"source_field":"commodity_information_id","user_id":1,"source_id":21,"source_table":"commodity_information"}
2026-05-05 00:55:55.360 [http-nio-5000-exec-6] INFO  com.project.demo.aspect.LogAspect - [commodity_information] [update] update: {"praise_len":2}
2026-05-05 00:55:56.989 [http-nio-5000-exec-3] INFO  com.project.demo.aspect.LogAspect - [collect] [insert] insert: {"img":"/api/upload/O1CN01EBbQPP1q2CWxm7wtb_!!4611686018427385277-0-item_pic.jpg_460x460q90.jpg_.webp","source_field":"commodity_information_id","user_id":1,"source_id":21,"title":"shangpi1","source_table":"commodity_information"}
2026-05-05 00:56:04.571 [http-nio-5000-exec-10] INFO  com.project.demo.aspect.LogAspect - [article] [update] update: {"views":4}
2026-05-05 00:56:12.514 [http-nio-5000-exec-3] INFO  com.project.demo.aspect.LogAspect - [praise] [insert] insert: {"source_field":"article_id","user_id":1,"source_id":8,"source_table":"article"}
2026-05-05 00:56:12.557 [http-nio-5000-exec-4] INFO  com.project.demo.aspect.LogAspect - [article] [update] update: {"praise_len":2}
2026-05-05 00:58:54.028 [http-nio-5000-exec-4] INFO  com.project.demo.aspect.LogAspect - [article] [update] update: {"views":1}
2026-05-05 01:35:31.416 [http-nio-5000-exec-7] INFO  com.project.demo.aspect.LogAspect - [user] [insert] insert: {"password":"asd123","nickName":"","avatar":"/api/upload/1777879821.png","state":1,"userName":"fergre","userGroup":"注册用户","userId":0,"email":""}
2026-05-05 01:50:10.688 [http-nio-5000-exec-3] INFO  com.project.demo.aspect.LogAspect - [user] [insert] insert: {"password":"asd123","phone":"","user_id":7,"nickName":"","avatar":"/api/upload/1777796551.png","state":1,"userName":"fewfwe","userGroup":"注册用户","userId":0,"email":""}
2026-05-05 01:54:25.514 [http-nio-5000-exec-1] INFO  com.project.demo.aspect.LogAspect - [user] [insert] insert: {"user_id":8,"user_name":"wefwe","nick_name":"","password":"asd123","avatar":"/api/upload/1777879821.png","email":"","user_group":"注册用户","state":1,"user_gender":"男","phone":"","create_time":1777917265491}
2026-05-05 01:55:56.622 [http-nio-5000-exec-6] INFO  com.project.demo.aspect.LogAspect - [user] [insert] insert: {"user_id":9,"user_name":"rregr","nick_name":"","password":"gegegeg","avatar":"/api/upload/1777884065.png","email":"","user_group":"注册用户","state":1,"user_gender":"男","phone":"","create_time":1777917356585}
2026-05-05 01:58:50.468 [http-nio-5000-exec-5] INFO  com.project.demo.aspect.LogAspect - [user] [insert] insert: {"user_id":10,"user_name":"refed","nick_name":"","password":"asd123","avatar":"/api/upload/1777388087.png","email":"","user_group":"注册用户","state":1,"user_gender":1,"phone":"","create_time":1777917530429}
2026-05-05 01:59:25.693 [http-nio-5000-exec-9] INFO  com.project.demo.aspect.LogAspect - [user] [update] update: {"password":"asd123","user_group":"注册用户","user_id":10,"phone":"","user_name":"refed","nick_name":"","user_gender":1,"avatar":"/api/upload/1777388087.png","state":1,"email":""}
2026-05-05 01:59:57.116 [http-nio-5000-exec-6] INFO  com.project.demo.aspect.LogAspect - [user] [update] update: {"password":"gegegeg","user_group":"注册用户","user_id":9,"phone":"","user_name":"rregr","nick_name":"","user_gender":1,"avatar":"/api/upload/1777884065.png","state":1,"email":""}
2026-05-05 02:00:33.412 [http-nio-5000-exec-8] INFO  com.project.demo.aspect.LogAspect - [user] [update] update: {"password":"asd123","user_group":"注册用户","user_id":10,"phone":"","user_name":"refed","nick_name":"","user_gender":1,"avatar":"/api/upload/1777388087.png","state":1,"email":""}
2026-05-05 02:08:00.236 [http-nio-5000-exec-2] INFO  com.project.demo.aspect.LogAspect - [user] [delete] delete: {"user_id":"6"}
2026-05-05 02:08:00.292 [http-nio-5000-exec-3] INFO  com.project.demo.aspect.LogAspect - [user] [delete] delete: {"user_id":"8"}
2026-05-05 02:08:00.306 [http-nio-5000-exec-7] INFO  com.project.demo.aspect.LogAspect - [user] [delete] delete: {"user_id":"5"}
2026-05-05 02:08:00.318 [http-nio-5000-exec-6] INFO  com.project.demo.aspect.LogAspect - [user] [delete] delete: {"user_id":"6"}
2026-05-05 02:08:00.325 [http-nio-5000-exec-10] INFO  com.project.demo.aspect.LogAspect - [user] [delete] delete: {"user_id":"8"}
2026-05-05 02:08:00.332 [http-nio-5000-exec-8] INFO  com.project.demo.aspect.LogAspect - [user] [delete] delete: {"user_id":"5"}
